// Jest Snapshot v1, https://goo.gl/fbAQLP

exports[`Testing Header component renders as expected 1`] = `
<Component>
  <ActivityIndicator
    animating={true}
    color="#999999"
    hidesWhenStopped={true}
    size="large"
  />
</Component>
`;
