// Jest Snapshot v1, https://goo.gl/fbAQLP

exports[`Testing Input component renders as expected 1`] = `
<Component
  style={
    Array [
      Object {
        "alignItems": "center",
        "borderColor": "black",
        "borderWidth": 2,
        "flexDirection": "row",
        "height": 50,
        "margin": 10,
      },
    ]
  }
>
  <Text
    accessible={true}
    allowFontScaling={true}
    ellipsizeMode="tail"
    style={
      Array [
        Object {
          "flex": 1,
          "fontSize": 37.5,
          "paddingLeft": 20,
        },
      ]
    }
  />
  <TextInput
    allowFontScaling={true}
    autoCapitalize="none"
    autoCorrect={false}
    placeholder="type undefined"
    style={
      Array [
        Object {
          "flex": 2,
          "fontSize": 37.5,
        },
      ]
    }
  />
</Component>
`;
